// Jest Snapshot v1, https://goo.gl/fbAQLP

exports[`application generator application should add core module declaration to app module 1`] = `
"import { Module } from '@nestjs/common';
import { CoreModule } from './core/core.module';

@Module({
  imports: [CoreModule],
  controllers: [],
  providers: [],
})
export class AppModule {}
"
`;

exports[`application generator application should generate core module 1`] = `
"import { ClassSerializerInterceptor, Global, Module } from '@nestjs/common';
import { LoggerModule } from '@proj/shared/logger';
import { APP_INTERCEPTOR } from '@nestjs/core';

@Global()
@Module({
  imports: [LoggerModule],
  controllers: [],
  providers: [{ provide: APP_INTERCEPTOR, useClass: ClassSerializerInterceptor }],
  exports: [LoggerModule],
})
export class CoreModule {}
"
`;

exports[`application generator application should update main.ts properly 1`] = `
"/**
 * This is not a production server yet!
 * This is only a minimal backend to get started.
 */

import { Logger, ValidationPipe, VersioningType } from '@nestjs/common';
import { NestFactory } from '@nestjs/core';
import { AppModule } from './app/app.module';
import { WinstonLogger } from '@proj/shared/logger';

async function bootstrap(): Promise<void> {
  const app = await NestFactory.create(AppModule, { bufferLogs: true });

  const logger = await app.resolve(WinstonLogger);
  app.useLogger(logger);

  const globalPrefix = 'api';
  app.setGlobalPrefix(globalPrefix);
  const port = process.env.PORT ?? 3000;
  app.useGlobalPipes(
    new ValidationPipe({
      transform: true,
      transformOptions: {
        excludeExtraneousValues: true,
      },
    }),
  );
  app.enableVersioning({
    type: VersioningType.URI,
    defaultVersion: '1',
  });
  await app.listen(port);
  Logger.log(\`ðŸš€ Application is running on: http://localhost:\${port}/\${globalPrefix}\`);
}

bootstrap();
"
`;

exports[`application generator global files should add dependencies to package.json 1`] = `
"{
  "name": "@proj/source",
  "dependencies": {
    "@devon4ts/logform": "6.0.0-2",
    "@nestjs/common": "^10.0.2",
    "@nestjs/core": "^10.0.2",
    "@nestjs/platform-express": "^10.0.2",
    "axios": "^1.6.0",
    "class-transformer": "^0.5.1",
    "class-validator": "^0.14.1",
    "reflect-metadata": "^0.1.13",
    "rxjs": "^7.8.0",
    "tslib": "^2.3.0",
    "winston": "^3.13.1"
  },
  "devDependencies": {
    "@devon4ts/nx-nest": "6.0.0-3",
    "@eslint/js": "^9.8.0",
    "@nestjs/schematics": "^10.0.1",
    "@nestjs/testing": "^10.0.2",
    "@nx/eslint": "20.3.2",
    "@nx/eslint-plugin": "20.3.2",
    "@nx/jest": "20.3.2",
    "@nx/js": "20.3.2",
    "@nx/nest": "20.3.2",
    "@nx/node": "20.3.2",
    "@nx/web": "20.3.2",
    "@nx/webpack": "20.3.2",
    "@swc-node/register": "~1.9.1",
    "@swc/core": "~1.5.7",
    "@swc/helpers": "~0.5.11",
    "@types/jest": "^29.5.12",
    "@types/node": "~18.16.9",
    "eslint": "^9.8.0",
    "eslint-config-prettier": "^9.0.0",
    "husky": "^9.1.4",
    "jest": "^29.7.0",
    "jest-environment-node": "^29.7.0",
    "lint-staged": "^15.2.8",
    "prettier": "^2.6.2",
    "ts-jest": "^29.1.0",
    "ts-node": "10.9.1",
    "typescript": "~5.6.2",
    "typescript-eslint": "^8.13.0"
  },
  "scripts": {
    "prepare": "husky"
  }
}
"
`;

exports[`application generator global files should update the ESLint global configuration 1`] = `
"const nx = require('@nx/eslint-plugin');

module.exports = [
  ...nx.configs['flat/base'],
  ...nx.configs['flat/typescript'],
  ...nx.configs['flat/javascript'],
  {
    ignores: ['**/dist'],
  },
  {
    files: ['**/*.ts', '**/*.tsx', '**/*.js', '**/*.jsx'],
    rules: {
      '@nx/enforce-module-boundaries': [
        'error',
        {
          enforceBuildableLibDependency: true,
          allow: ['^.*/eslint(\\\\.base)?\\\\.config\\\\.[cm]?js$'],
          depConstraints: [
            {
              sourceTag: '*',
              onlyDependOnLibsWithTags: ['*'],
            },
          ],
        },
      ],
    },
  },
  {
    files: ['**/*.ts', '**/*.tsx', '**/*.js', '**/*.jsx', '**/*.cjs', '**/*.mjs'],
    // Override or add rules here
    rules: {},
  },
];
"
`;

exports[`application generator global files should update the global prettier configuration 1`] = `
"{
  "singleQuote": true,
  "trailingComma": "all",
  "semi": true,
  "printWidth": 120,
  "tabWidth": 2,
  "bracketSpacing": true,
  "arrowParens": "avoid",
  "endOfLine": "lf",
  "quoteProps": "consistent",
  "useTabs": false
}
"
`;

exports[`application generator global files should update the global prettier configuration 2`] = `
"# Add files here to ignore them from prettier formatting
/dist
/coverage
/.nx/cache
/.nx/workspace-data
**/templates
"
`;

exports[`application generator global files should update tsconfig.base.json 1`] = `
"{
  "compilerOptions": {
    "paths": {
      "@proj/shared/logger": ["libs/shared/logger/src/index.ts"]
    },
    "strictNullChecks": true,
    "noImplicitAny": true,
    "strictBindCallApply": true,
    "forceConsistentCasingInFileNames": true,
    "noFallthroughCasesInSwitch": true,
    "strict": true,
    "skipDefaultLibCheck": true,
    "noUnusedLocals": true,
    "noUnusedParameters": true,
    "skipLibCheck": true,
    "allowSyntheticDefaultImports": true
  }
}
"
`;

exports[`application generator should run successfully 1`] = `
{
  "$schema": "../../node_modules/nx/schemas/project-schema.json",
  "name": "something",
  "projectType": "application",
  "root": "apps/something",
  "sourceRoot": "apps/something/src",
  "tags": [],
  "targets": {
    "build": {
      "configurations": {
        "development": {},
        "production": {},
      },
      "defaultConfiguration": "production",
      "executor": "@nx/webpack:webpack",
      "options": {
        "assets": [
          "apps/something/src/assets",
        ],
        "compiler": "tsc",
        "generatePackageJson": true,
        "main": "apps/something/src/main.ts",
        "outputPath": "dist/apps/something",
        "target": "node",
        "tsConfig": "apps/something/tsconfig.app.json",
        "webpackConfig": "apps/something/webpack.config.js",
      },
      "outputs": [
        "{options.outputPath}",
      ],
    },
    "lint": {
      "executor": "@nx/eslint:lint",
    },
    "serve": {
      "configurations": {
        "development": {
          "buildTarget": "something:build:development",
        },
        "production": {
          "buildTarget": "something:build:production",
        },
      },
      "defaultConfiguration": "development",
      "dependsOn": [
        "build",
      ],
      "executor": "@nx/js:node",
      "options": {
        "buildTarget": "something:build",
        "runBuildTargetDependencies": false,
      },
    },
    "test": {
      "options": {
        "passWithNoTests": true,
      },
    },
  },
}
`;

exports[`application generator should run successfully 2`] = `
{
  "$schema": "../../../node_modules/nx/schemas/project-schema.json",
  "name": "shared-logger",
  "projectType": "library",
  "root": "libs/shared/logger",
  "sourceRoot": "libs/shared/logger/src",
  "tags": [],
  "targets": {
    "lint": {
      "executor": "@nx/eslint:lint",
    },
    "test": {
      "executor": "@nx/jest:jest",
      "options": {
        "jestConfig": "libs/shared/logger/jest.config.ts",
      },
      "outputs": [
        "{workspaceRoot}/coverage/{projectRoot}",
      ],
    },
  },
}
`;
